// Jest Snapshot v1, https://goo.gl/fbAQLP

exports[`renders correctly 1`] = `
<View
  accessible={true}
  collapsable={false}
  focusable={true}
  nativeID="animatedComponent"
  onClick={[Function]}
  onResponderGrant={[Function]}
  onResponderMove={[Function]}
  onResponderRelease={[Function]}
  onResponderTerminate={[Function]}
  onResponderTerminationRequest={[Function]}
  onStartShouldSetResponder={[Function]}
  style={
    Object {
      "alignItems": "center",
      "backgroundColor": "#183bdb",
      "borderRadius": 40,
      "height": 40,
      "justifyContent": "center",
      "opacity": 1,
      "width": 135,
    }
  }
>
  <Text
    style={
      Object {
        "color": "#ffffff",
        "fontSize": 16,
        "fontWeight": "500",
      }
    }
  >
    Next
  </Text>
</View>
`;
